// Jest Snapshot v1, https://goo.gl/fbAQLP

exports[`Webform component should render component correctly 1`] = `
<View
  style={
    {
      "backgroundColor": "#f9fafb",
      "flex": 1,
      "flexDirection": "column",
      "flexWrap": "wrap",
    }
  }
  testID="stack-container"
>
  <RCTScrollView
    style={
      {
        "width": "100%",
      }
    }
  >
    <View>
      <View
        style={
          {
            "backgroundColor": "#f9fafb",
            "flex": 1,
            "flexDirection": "row",
            "flexWrap": "wrap",
          }
        }
        testID="stack-container"
      >
        <View
          style={
            {
              "flex": 1,
            }
          }
        >
          <View
            style={
              {
                "marginBottom": 20,
              }
            }
          >
            <View>
              <View
                style={
                  {
                    "borderBottomWidth": 0.5,
                    "borderColor": "grey",
                    "borderTopWidth": 0.5,
                    "paddingHorizontal": 20,
                    "paddingVertical": 15,
                  }
                }
              >
                <Text
                  accessibilityRole="text"
                  style={
                    {
                      "color": "#242424",
                      "fontSize": 14,
                      "fontWeight": "bold",
                    }
                  }
                >
                  Group 1
                </Text>
              </View>
              <Text
                accessibilityRole="text"
                style={
                  {
                    "color": "#242424",
                    "fontSize": 14,
                    "paddingHorizontal": 20,
                    "paddingVertical": 15,
                  }
                }
              >
                Lorem ipsum dolor sit amet, consectetur adipiscing elit. Morbi dapibus.
              </Text>
            </View>
            <View
              style={
                {
                  "paddingHorizontal": 10,
                  "paddingVertical": 10,
                }
              }
            >
              <Text
                accessibilityRole="text"
                style={
                  {
                    "color": "#242424",
                    "fontSize": 14,
                    "fontWeight": 600,
                    "marginBottom": 8,
                    "paddingHorizontal": 10,
                  }
                }
                testID="field-label"
              >
                Name
              </Text>
              <View
                style={
                  {
                    "paddingHorizontal": 10,
                    "width": "100%",
                  }
                }
                testID="RNE__Input__view-wrapper"
              >
                <View
                  collapsable={false}
                  style={
                    {
                      "alignItems": "center",
                      "borderBottomWidth": 0.5,
                      "borderColor": "grey",
                      "borderRadius": 5,
                      "borderWidth": 0.5,
                      "flexDirection": "row",
                      "paddingHorizontal": 10,
                      "transform": [
                        {
                          "translateX": 0,
                        },
                      ],
                    }
                  }
                >
                  <TextInput
                    editable={true}
                    onChangeText={[Function]}
                    placeholderTextColor="#86939e"
                    style={
                      {
                        "color": "#242424",
                        "flex": 1,
                        "fontSize": 18,
                        "minHeight": 40,
                      }
                    }
                    testID="type-input"
                    underlineColorAndroid="transparent"
                    value="John Doe"
                  />
                </View>
                <Text
                  style={
                    {
                      "color": "#ff190c",
                      "fontSize": 12,
                      "margin": 5,
                    }
                  }
                />
              </View>
            </View>
            <View
              style={
                {
                  "paddingHorizontal": 10,
                  "paddingVertical": 10,
                }
              }
            >
              <Text
                accessibilityRole="text"
                style={
                  {
                    "color": "#242424",
                    "fontSize": 14,
                    "fontWeight": 600,
                    "marginBottom": 8,
                    "paddingHorizontal": 10,
                  }
                }
                testID="field-label"
              >
                Birth Date
              </Text>
              <View
                style={
                  {
                    "paddingHorizontal": 10,
                    "width": "100%",
                  }
                }
                testID="RNE__Input__view-wrapper"
              >
                <View
                  collapsable={false}
                  style={
                    {
                      "alignItems": "center",
                      "borderBottomWidth": 0.5,
                      "borderColor": "grey",
                      "borderRadius": 5,
                      "borderWidth": 0.5,
                      "flexDirection": "row",
                      "paddingHorizontal": 10,
                      "transform": [
                        {
                          "translateX": 0,
                        },
                      ],
                    }
                  }
                >
                  <TextInput
                    editable={true}
                    onPressIn={[Function]}
                    placeholderTextColor="#86939e"
                    showSoftInputOnFocus={false}
                    style={
                      {
                        "color": "#242424",
                        "flex": 1,
                        "fontSize": 18,
                        "minHeight": 40,
                      }
                    }
                    testID="type-date"
                    underlineColorAndroid="transparent"
                    value="1/1/1991"
                  />
                </View>
                <Text
                  style={
                    {
                      "color": "#ff190c",
                      "fontSize": 12,
                      "margin": 5,
                    }
                  }
                />
              </View>
            </View>
            <View
              style={
                {
                  "paddingHorizontal": 10,
                  "paddingVertical": 10,
                }
              }
            >
              <Text
                accessibilityRole="text"
                style={
                  {
                    "color": "#242424",
                    "fontSize": 14,
                    "fontWeight": 600,
                    "marginBottom": 8,
                    "paddingHorizontal": 10,
                  }
                }
                testID="field-label"
              >
                Age
              </Text>
              <View
                style={
                  {
                    "paddingHorizontal": 10,
                    "width": "100%",
                  }
                }
                testID="RNE__Input__view-wrapper"
              >
                <View
                  collapsable={false}
                  style={
                    {
                      "alignItems": "center",
                      "borderBottomWidth": 0.5,
                      "borderColor": "grey",
                      "borderRadius": 5,
                      "borderWidth": 0.5,
                      "flexDirection": "row",
                      "paddingHorizontal": 10,
                      "transform": [
                        {
                          "translateX": 0,
                        },
                      ],
                    }
                  }
                >
                  <TextInput
                    editable={true}
                    keyboardType="numeric"
                    onChangeText={[Function]}
                    placeholderTextColor="#86939e"
                    style={
                      {
                        "color": "#242424",
                        "flex": 1,
                        "fontSize": 18,
                        "minHeight": 40,
                      }
                    }
                    testID="RNE__Input__text-input"
                    underlineColorAndroid="transparent"
                    value="32"
                  />
                </View>
                <Text
                  style={
                    {
                      "color": "#ff190c",
                      "fontSize": 12,
                      "margin": 5,
                    }
                  }
                />
              </View>
            </View>
            <View
              style={
                {
                  "paddingHorizontal": 10,
                  "paddingVertical": 10,
                }
              }
            >
              <Text
                accessibilityRole="text"
                style={
                  {
                    "color": "#242424",
                    "fontSize": 14,
                    "fontWeight": 600,
                    "marginBottom": 8,
                    "paddingHorizontal": 10,
                  }
                }
                testID="field-label"
              >
                Gender
              </Text>
              <View
                accessibilityRole="checkbox"
                accessibilityState={
                  {
                    "busy": undefined,
                    "checked": true,
                    "disabled": false,
                    "expanded": undefined,
                    "selected": undefined,
                  }
                }
                accessibilityValue={
                  {
                    "max": undefined,
                    "min": undefined,
                    "now": undefined,
                    "text": undefined,
                  }
                }
                accessible={true}
                checkedIcon="dot-circle-o"
                collapsable={false}
                focusable={true}
                onBlur={[Function]}
                onClick={[Function]}
                onFocus={[Function]}
                onResponderGrant={[Function]}
                onResponderMove={[Function]}
                onResponderRelease={[Function]}
                onResponderTerminate={[Function]}
                onResponderTerminationRequest={[Function]}
                onStartShouldSetResponder={[Function]}
                style={
                  {
                    "backgroundColor": "transparent",
                    "borderColor": "#ffffff",
                    "margin": 5,
                    "marginLeft": 10,
                    "marginRight": 10,
                    "padding": 10,
                  }
                }
                testID="RNE__CheckBox__Wrapper"
                uncheckedIcon="circle-o"
              >
                <View
                  style={
                    {
                      "alignItems": "center",
                      "flexDirection": "row",
                    }
                  }
                >
                  <Text />
                  <Text
                    accessibilityRole="text"
                    style={
                      {
                        "color": "#43484d",
                        "fontWeight": "normal",
                        "marginLeft": 10,
                        "marginRight": 10,
                      }
                    }
                    testID="RNE__CheckBox__Title"
                  >
                    Male
                  </Text>
                </View>
              </View>
              <View
                accessibilityRole="checkbox"
                accessibilityState={
                  {
                    "busy": undefined,
                    "checked": false,
                    "disabled": false,
                    "expanded": undefined,
                    "selected": undefined,
                  }
                }
                accessibilityValue={
                  {
                    "max": undefined,
                    "min": undefined,
                    "now": undefined,
                    "text": undefined,
                  }
                }
                accessible={true}
                checkedIcon="dot-circle-o"
                collapsable={false}
                focusable={true}
                onBlur={[Function]}
                onClick={[Function]}
                onFocus={[Function]}
                onResponderGrant={[Function]}
                onResponderMove={[Function]}
                onResponderRelease={[Function]}
                onResponderTerminate={[Function]}
                onResponderTerminationRequest={[Function]}
                onStartShouldSetResponder={[Function]}
                style={
                  {
                    "backgroundColor": "transparent",
                    "borderColor": "#ffffff",
                    "margin": 5,
                    "marginLeft": 10,
                    "marginRight": 10,
                    "padding": 10,
                  }
                }
                testID="RNE__CheckBox__Wrapper"
                uncheckedIcon="circle-o"
              >
                <View
                  style={
                    {
                      "alignItems": "center",
                      "flexDirection": "row",
                    }
                  }
                >
                  <Text />
                  <Text
                    accessibilityRole="text"
                    style={
                      {
                        "color": "#43484d",
                        "fontWeight": "normal",
                        "marginLeft": 10,
                        "marginRight": 10,
                      }
                    }
                    testID="RNE__CheckBox__Title"
                  >
                    Female
                  </Text>
                </View>
              </View>
            </View>
            <View
              style={
                {
                  "paddingHorizontal": 10,
                  "paddingVertical": 10,
                }
              }
            >
              <Text
                accessibilityRole="text"
                style={
                  {
                    "color": "#242424",
                    "fontSize": 14,
                    "fontWeight": 600,
                    "marginBottom": 8,
                    "paddingHorizontal": 10,
                  }
                }
                testID="field-label"
              >
                Last Education
              </Text>
              <View
                onLayout={[Function]}
                style={
                  {
                    "borderColor": "grey",
                    "borderRadius": 5,
                    "borderWidth": 0.5,
                    "justifyContent": "center",
                    "marginHorizontal": 10,
                    "paddingHorizontal": 10,
                    "paddingVertical": 2,
                  }
                }
              >
                <View
                  accessibilityState={
                    {
                      "busy": undefined,
                      "checked": undefined,
                      "disabled": undefined,
                      "expanded": undefined,
                      "selected": undefined,
                    }
                  }
                  accessible={false}
                  focusable={true}
                  onClick={[Function]}
                  onResponderGrant={[Function]}
                  onResponderMove={[Function]}
                  onResponderRelease={[Function]}
                  onResponderTerminate={[Function]}
                  onResponderTerminationRequest={[Function]}
                  onStartShouldSetResponder={[Function]}
                  style={
                    {
                      "alignItems": "center",
                      "flexDirection": "row",
                      "height": 35,
                      "justifyContent": "space-between",
                    }
                  }
                  testID="type-option-dropdown"
                >
                  <Text
                    style={
                      [
                        {
                          "flex": 1,
                          "fontSize": 16,
                          "writingDirection": "ltr",
                        },
                        undefined,
                        {},
                      ]
                    }
                  >
                    Select item
                  </Text>
                  <Image
                    source={1}
                    style={
                      {
                        "height": 20,
                        "tintColor": "gray",
                        "width": 20,
                      }
                    }
                  />
                </View>
              </View>
            </View>
          </View>
        </View>
      </View>
    </View>
  </RCTScrollView>
  <View
    style={
      {
        "width": "100%",
      }
    }
  >
    <View
      accessibilityRole="tablist"
      onLayout={[Function]}
      style={
        [
          false,
          {
            "flexDirection": "row",
            "position": "relative",
          },
          undefined,
        ]
      }
    >
      <View
        style={
          [
            {
              "overflow": "hidden",
            },
            {
              "borderRadius": 2,
            },
            [
              {
                "borderRadius": 0,
                "flex": 1,
              },
              false,
              undefined,
            ],
            false,
          ]
        }
        testID="RNE_BUTTON_WRAPPER"
      >
        <View
          accessibilityRole="tab"
          accessibilityState={
            {
              "busy": undefined,
              "checked": undefined,
              "disabled": false,
              "expanded": undefined,
              "selected": true,
            }
          }
          accessibilityValue={
            {
              "max": undefined,
              "min": undefined,
              "now": undefined,
              "text": "Back",
            }
          }
          accessible={true}
          collapsable={false}
          focusable={true}
          onClick={[Function]}
          onLayout={[Function]}
          onResponderGrant={[Function]}
          onResponderMove={[Function]}
          onResponderRelease={[Function]}
          onResponderTerminate={[Function]}
          onResponderTerminationRequest={[Function]}
          onStartShouldSetResponder={[Function]}
          style={
            {
              "opacity": 1,
            }
          }
          testID="form-nav-btn-back"
        >
          <View
            style={
              {
                "alignItems": "center",
                "backgroundColor": "transparent",
                "borderBottomWidth": 0,
                "borderColor": "#2089dc",
                "borderRadius": 0,
                "borderTopColor": "grey",
                "borderTopWidth": 0.5,
                "borderWidth": 0,
                "flexDirection": "row",
                "justifyContent": "center",
                "padding": 8,
                "paddingHorizontal": 10,
              }
            }
          >
            <View
              style={
                {
                  "marginHorizontal": 5,
                  "overflow": "hidden",
                  "paddingBottom": 10,
                  "paddingTop": 9,
                }
              }
              testID="RNE__ICON__CONTAINER"
            >
              <View
                accessibilityRole="button"
                android_ripple={
                  {
                    "borderless": false,
                    "color": "rgba(0, 0, 0, 0.3)",
                    "radius": -5,
                  }
                }
                disabled={false}
                testID="RNE__ICON__CONTAINER_ACTION"
              >
                <View
                  style={
                    {
                      "alignItems": "center",
                      "backgroundColor": "transparent",
                      "justifyContent": "center",
                    }
                  }
                  testID="RNE__ICON"
                >
                  <Text />
                </View>
              </View>
            </View>
            <Text
              style={
                {
                  "color": "grey",
                  "fontSize": 14,
                  "fontWeight": "normal",
                  "marginLeft": -10,
                  "marginRight": -10,
                  "paddingBottom": 10,
                  "paddingHorizontal": 16,
                  "paddingTop": 9,
                  "paddingVertical": 2,
                  "textAlign": "center",
                }
              }
            >
              Back
            </Text>
          </View>
        </View>
      </View>
      <View
        style={
          [
            {
              "overflow": "hidden",
            },
            {
              "borderRadius": 2,
            },
            [
              {
                "borderRadius": 0,
                "flex": 1,
              },
              false,
              undefined,
            ],
            false,
          ]
        }
        testID="RNE_BUTTON_WRAPPER"
      >
        <View
          accessibilityRole="tab"
          accessibilityState={
            {
              "busy": undefined,
              "checked": undefined,
              "disabled": true,
              "expanded": undefined,
              "selected": false,
            }
          }
          accessibilityValue={
            {
              "max": undefined,
              "min": undefined,
              "now": undefined,
              "text": "1/2",
            }
          }
          accessible={true}
          collapsable={false}
          focusable={true}
          onClick={[Function]}
          onLayout={[Function]}
          onResponderGrant={[Function]}
          onResponderMove={[Function]}
          onResponderRelease={[Function]}
          onResponderTerminate={[Function]}
          onResponderTerminationRequest={[Function]}
          onStartShouldSetResponder={[Function]}
          style={
            {
              "opacity": 1,
            }
          }
          testID="form-nav-group-count"
        >
          <View
            style={
              {
                "alignItems": "center",
                "backgroundColor": "transparent",
                "borderBottomWidth": 0,
                "borderColor": "#2089dc",
                "borderRadius": 0,
                "borderTopColor": "grey",
                "borderTopWidth": 0.5,
                "borderWidth": 0,
                "flexDirection": "column",
                "justifyContent": "center",
                "padding": 8,
                "paddingHorizontal": 10,
              }
            }
          >
            <Text
              style={
                {
                  "color": "hsl(208, 8%, 63%)",
                  "fontSize": 14,
                  "fontWeight": "normal",
                  "marginLeft": -10,
                  "marginRight": -10,
                  "paddingBottom": 10,
                  "paddingHorizontal": 16,
                  "paddingTop": 9,
                  "paddingVertical": 8,
                  "textAlign": "center",
                }
              }
            >
              1/2
            </Text>
          </View>
        </View>
      </View>
      <View
        style={
          [
            {
              "overflow": "hidden",
            },
            {
              "borderRadius": 2,
            },
            [
              {
                "borderRadius": 0,
                "flex": 1,
              },
              false,
              undefined,
            ],
            false,
          ]
        }
        testID="RNE_BUTTON_WRAPPER"
      >
        <View
          accessibilityRole="tab"
          accessibilityState={
            {
              "busy": undefined,
              "checked": undefined,
              "disabled": false,
              "expanded": undefined,
              "selected": false,
            }
          }
          accessibilityValue={
            {
              "max": undefined,
              "min": undefined,
              "now": undefined,
              "text": "Next",
            }
          }
          accessible={true}
          collapsable={false}
          focusable={true}
          onClick={[Function]}
          onLayout={[Function]}
          onResponderGrant={[Function]}
          onResponderMove={[Function]}
          onResponderRelease={[Function]}
          onResponderTerminate={[Function]}
          onResponderTerminationRequest={[Function]}
          onStartShouldSetResponder={[Function]}
          style={
            {
              "opacity": 1,
            }
          }
          testID="form-nav-btn-next"
        >
          <View
            style={
              {
                "alignItems": "center",
                "backgroundColor": "transparent",
                "borderBottomWidth": 0,
                "borderColor": "#2089dc",
                "borderRadius": 0,
                "borderTopColor": "grey",
                "borderTopWidth": 0.5,
                "borderWidth": 0,
                "flexDirection": "row-reverse",
                "justifyContent": "center",
                "padding": 8,
                "paddingHorizontal": 10,
              }
            }
          >
            <View
              style={
                {
                  "marginHorizontal": 5,
                  "overflow": "hidden",
                  "paddingBottom": 10,
                  "paddingTop": 9,
                }
              }
              testID="RNE__ICON__CONTAINER"
            >
              <View
                accessibilityRole="button"
                android_ripple={
                  {
                    "borderless": false,
                    "color": "rgba(0, 0, 0, 0.3)",
                    "radius": -5,
                  }
                }
                disabled={false}
                testID="RNE__ICON__CONTAINER_ACTION"
              >
                <View
                  style={
                    {
                      "alignItems": "center",
                      "backgroundColor": "transparent",
                      "justifyContent": "center",
                    }
                  }
                  testID="RNE__ICON"
                >
                  <Text />
                </View>
              </View>
            </View>
            <Text
              style={
                {
                  "color": "grey",
                  "fontSize": 14,
                  "fontWeight": "normal",
                  "marginLeft": -10,
                  "marginRight": -10,
                  "paddingBottom": 10,
                  "paddingHorizontal": 16,
                  "paddingTop": 9,
                  "paddingVertical": 2,
                  "textAlign": "center",
                }
              }
            >
              Next
            </Text>
          </View>
        </View>
      </View>
    </View>
  </View>
</View>
`;
