// Jest Snapshot v1, https://goo.gl/fbAQLP

exports[`QuestionGroup renders correctly 1`] = `
<View>
  <View>
    <View
      style={
        {
          "borderBottomWidth": 0.5,
          "borderColor": "grey",
          "borderTopWidth": 0.5,
          "paddingHorizontal": 20,
          "paddingVertical": 15,
        }
      }
    >
      <Text
        accessibilityRole="text"
        style={
          {
            "color": "#242424",
            "fontSize": 14,
            "fontWeight": "bold",
          }
        }
        testID="text-name"
      >
        2. Group 1
      </Text>
    </View>
    <View
      style={
        {
          "backgroundColor": "#e5e7eb",
        }
      }
    >
      <Text
        accessibilityRole="text"
        style={
          {
            "color": "#242424",
            "fontSize": 14,
            "paddingHorizontal": 22,
            "paddingVertical": 8,
          }
        }
        testID="text-description"
      >
        Lorem ipsum
      </Text>
    </View>
  </View>
  <View>
    <View
      style={
        {
          "paddingHorizontal": 10,
          "paddingVertical": 10,
        }
      }
    >
      <View>
        <View>
          <View
            style={
              {
                "flex": 1,
                "flexDirection": "row",
              }
            }
          >
            <View
              style={
                {
                  "display": "flex",
                  "flexDirection": "row",
                  "fontSize": 14,
                  "fontWeight": 600,
                  "gap": 4,
                  "marginBottom": 8,
                  "paddingHorizontal": 10,
                }
              }
            >
              <Text
                accessibilityRole="text"
                style={
                  {
                    "color": "#242424",
                  }
                }
                testID="field-label"
              >
                1. Your Name
              </Text>
              <View
                collapsable={false}
              >
                <View
                  accessibilityState={
                    {
                      "busy": undefined,
                      "checked": undefined,
                      "disabled": undefined,
                      "expanded": undefined,
                      "selected": undefined,
                    }
                  }
                  accessibilityValue={
                    {
                      "max": undefined,
                      "min": undefined,
                      "now": undefined,
                      "text": undefined,
                    }
                  }
                  accessible={true}
                  collapsable={false}
                  focusable={true}
                  onBlur={[Function]}
                  onClick={[Function]}
                  onFocus={[Function]}
                  onResponderGrant={[Function]}
                  onResponderMove={[Function]}
                  onResponderRelease={[Function]}
                  onResponderTerminate={[Function]}
                  onResponderTerminationRequest={[Function]}
                  onStartShouldSetResponder={[Function]}
                />
                <Modal
                  animationType="fade"
                  hardwareAccelerated={false}
                  onShow={[Function]}
                  transparent={true}
                  visible={false}
                />
              </View>
            </View>
          </View>
          <View
            style={
              {
                "paddingHorizontal": 10,
                "width": "100%",
              }
            }
            testID="RNE__Input__view-wrapper"
          >
            <View
              collapsable={false}
              style={
                {
                  "alignItems": "center",
                  "borderBottomWidth": 0.5,
                  "borderColor": "grey",
                  "borderRadius": 5,
                  "borderWidth": 0.5,
                  "flexDirection": "row",
                  "paddingHorizontal": 10,
                  "transform": [
                    {
                      "translateX": 0,
                    },
                  ],
                }
              }
            >
              <TextInput
                editable={true}
                onChangeText={[Function]}
                placeholderTextColor="#86939e"
                style={
                  {
                    "color": "#242424",
                    "flex": 1,
                    "fontSize": 18,
                    "minHeight": 40,
                  }
                }
                testID="type-input"
                underlineColorAndroid="transparent"
              />
            </View>
            <Text
              style={
                {
                  "color": "#ff190c",
                  "fontSize": 12,
                  "margin": 5,
                }
              }
            />
          </View>
        </View>
      </View>
    </View>
  </View>
</View>
`;
